  [
    (hModule top_0)
    [
      (hPortin clk)
      [
        (hType sc_in)
      ]
      (hPortin int_port)
      [
        (hType sc_in)
        (hType int)
      ]
      (hVardecl var)
      [
        (hType int)
      ]
      (hVardecl x)
      [
        (hType int)
      ]
      (hVardecl y)
      [
        (hType int)
      ]
    ]
    [
    ]
  ]
