  hModule topadd2_0 [
    hPortsigvarlist  NONAME [
      hPortin in_port_1 [
        hTypeinfo  NONAME [
          hType "sc_in" NOLIST
          hType "int" NOLIST
        ]
      ]
      hPortin in_port_2 [
        hTypeinfo  NONAME [
          hType "sc_in" NOLIST
          hType "int" NOLIST
        ]
      ]
      hPortin clk [
        hTypeinfo  NONAME [
          hType "sc_in" NOLIST
          hType "_Bool" NOLIST
        ]
      ]
      hPortout out_port [
        hTypeinfo  NONAME [
          hType "sc_out" NOLIST
          hType "int" NOLIST
        ]
      ]
    ]
    hProcesses  NONAME [
      hProcess topEntry [
        hSenslist  NONAME [
          hSensvar clk [
            hSensedge pos NOLIST
          ]
        ]
        hCStmt  NONAME [
          hSigAssignL write [
            hLiteral out_port NOLIST
            hBinop + [
              hSigAssignR read [
                hLiteral in_port_1 NOLIST
              ]
              hSigAssignR read [
                hLiteral in_port_2 NOLIST
              ]
            ]
          ]
        ]
      ]
    ]
  ]
